ABSTRACT SYNTAX TREE:
  (TOK_QUERY (TOK_FROM (TOK_TABREF src)) (TOK_INSERT (TOK_DESTINATION (TOK_TAB dest1)) (TOK_SELECT (TOK_SELEXPR (+ 3 2)) (TOK_SELEXPR (+ 3.0 2)) (TOK_SELEXPR (+ 3 2.0)) (TOK_SELEXPR (+ 3.0 2.0)) (TOK_SELEXPR (+ 3 (TOK_FUNCTION TOK_INT 2.0))) (TOK_SELEXPR (TOK_FUNCTION TOK_BOOLEAN 1)) (TOK_SELEXPR (TOK_FUNCTION TOK_INT TRUE))) (TOK_WHERE (= (TOK_COLREF src key) 86))))

STAGE DEPENDENCIES:
  Stage-1 is a root stage
  Stage-0 depends on stages: Stage-1

STAGE PLANS:
  Stage: Stage-1
    Map Reduce
      Alias -> Map Operator Tree:
        src 
            Filter Operator
              predicate:
                  expr: (key = 86)
                  type: Boolean
              Select Operator
                expressions:
                      expr: (3 + 2)
                      type: int
                      expr: (3.0 + UDFToDouble(2))
                      type: double
                      expr: (UDFToDouble(3) + 2.0)
                      type: double
                      expr: (3.0 + 2.0)
                      type: double
                      expr: (3 + UDFToInteger(2.0))
                      type: int
                      expr: UDFToBoolean(1)
                      type: Boolean
                      expr: UDFToInteger(true)
                      type: int
                File Output Operator
                  table:
                      input format: org.apache.hadoop.mapred.TextInputFormat
                      output format: org.apache.hadoop.hive.ql.io.IgnoreKeyTextOutputFormat
                      serde: org.apache.hadoop.hive.serde2.MetadataTypedColumnsetSerDe
                      name: dest1

  Stage: Stage-0
    Move Operator
      tables:
            replace:
            table:
                input format: org.apache.hadoop.mapred.TextInputFormat
                output format: org.apache.hadoop.hive.ql.io.IgnoreKeyTextOutputFormat
                serde: org.apache.hadoop.hive.serde2.MetadataTypedColumnsetSerDe
                name: dest1


5	5.0	5.0	5.0	5	false	1
