ABSTRACT SYNTAX TREE:
  (TOK_QUERY (TOK_FROM (TOK_TABREF src)) (TOK_INSERT (TOK_DESTINATION (TOK_TAB dest1)) (TOK_SELECT (TOK_SELEXPR (TOK_FUNCTION substr (TOK_COLREF src key) 0 1)) (TOK_SELEXPR (TOK_FUNCTIONDI count (TOK_FUNCTION substr (TOK_COLREF src value) 4))) (TOK_SELEXPR (TOK_FUNCTION concat (TOK_FUNCTION substr (TOK_COLREF src key) 0 1) (TOK_FUNCTION sum (TOK_FUNCTION substr (TOK_COLREF src value) 4))))) (TOK_GROUPBY (TOK_FUNCTION substr (TOK_COLREF src key) 0 1))))

STAGE DEPENDENCIES:
  Stage-1 is a root stage
  Stage-2 depends on stages: Stage-1
  Stage-0 depends on stages: Stage-2

STAGE PLANS:
  Stage: Stage-1
    Map Reduce
      Alias -> Map Operator Tree:
        src 
            Reduce Output Operator
              key expressions:
                    expr: substr(key, 0, 1)
                    type: string
                    expr: substr(value, 4)
                    type: string
              # partition fields: 2147483647
              tag: -1
      Reduce Operator Tree:
        Group By Operator
        
              expr: count(DISTINCT KEY.1)
              expr: sum(KEY.1)
          keys:
                expr: KEY.0
                type: string
          mode: partial1
          File Output Operator
            table:
                input format: org.apache.hadoop.mapred.TextInputFormat
                output format: org.apache.hadoop.hive.ql.io.IgnoreKeyTextOutputFormat

  Stage: Stage-2
    Map Reduce
      Alias -> Map Operator Tree:
        /tmp/hive-njain/307368091/808162418.10001 
          Reduce Output Operator
            key expressions:
                  expr: 0
                  type: string
            # partition fields: 1
            tag: -1
            value expressions:
                  expr: 1
                  type: string
                  expr: 2
                  type: string
      Reduce Operator Tree:
        Group By Operator
        
              expr: count(VALUE.0)
              expr: sum(VALUE.1)
          keys:
                expr: KEY.0
                type: string
          mode: partial2
          Select Operator
            expressions:
                  expr: 0
                  type: string
                  expr: 1
                  type: string
                  expr: concat(0, 2)
                  type: string
            File Output Operator
              table:
                  input format: org.apache.hadoop.mapred.TextInputFormat
                  output format: org.apache.hadoop.hive.ql.io.IgnoreKeyTextOutputFormat
                  serde: org.apache.hadoop.hive.serde2.MetadataTypedColumnsetSerDe
                  name: dest1

  Stage: Stage-0
    Move Operator
      tables:
            replace:
            table:
                input format: org.apache.hadoop.mapred.TextInputFormat
                output format: org.apache.hadoop.hive.ql.io.IgnoreKeyTextOutputFormat
                serde: org.apache.hadoop.hive.serde2.MetadataTypedColumnsetSerDe
                name: dest1


0	1	00.0
1	71	116414.0
2	69	225571.0
3	62	332004.0
4	74	452763.0
5	6	5397.0
6	5	6398.0
7	6	7735.0
8	8	8762.0
9	7	91047.0
