a	int
b	float
a	array<int>
b	float
c	map<float,int>
src	src1	src_sequencefile	src_thrift	srcbucket	srcpart	test3a	test3b
ABSTRACT SYNTAX TREE:
  (TOK_ALTERTABLE_ADDCOLS TEST3b (TOK_TABCOLLIST (TOK_TABCOL X TOK_FLOAT)))

STAGE DEPENDENCIES:
  Stage-0 is a root stage

STAGE PLANS:
  Stage: Stage-0
      Alter Table Operator:
        Alter Table
          type: add columns
          new columns: X float
          old name: TEST3b


a	array<int>
b	float
c	map<float,int>
x	float
ABSTRACT SYNTAX TREE:
  (TOK_ALTERTABLE_RENAME TEST3b TEST3c)

STAGE DEPENDENCIES:
  Stage-0 is a root stage

STAGE PLANS:
  Stage: Stage-0
      Alter Table Operator:
        Alter Table
          type: rename
          new name: TEST3c
          old name: TEST3b


a	array<int>
b	float
c	map<float,int>
x	float
src	src1	src_sequencefile	src_thrift	srcbucket	srcpart	test3a	test3c
ABSTRACT SYNTAX TREE:
  (TOK_ALTERTABLE_REPLACECOLS TEST3c (TOK_TABCOLLIST (TOK_TABCOL R1 TOK_INT) (TOK_TABCOL R2 TOK_FLOAT)))

STAGE DEPENDENCIES:
  Stage-0 is a root stage

STAGE PLANS:
  Stage: Stage-0
      Alter Table Operator:
        Alter Table
          type: replace columns
          new columns: R1 int, R2 float
          old name: TEST3c


r1	int
r2	float
Detailed Table Information:
Table(tableName:test3c,dbName:default,owner:njain,createTime:1224285029,lastAccessTime:0,retention:0,sd:StorageDescriptor(cols:[FieldSchema(name:r1,type:int,comment:null), FieldSchema(name:r2,type:float,comment:null)],location:file:/home/njain/workspace/hadoop-0.17/build/contrib/hive/ql/test/data/warehouse/test3b,inputFormat:org.apache.hadoop.mapred.TextInputFormat,outputFormat:org.apache.hadoop.hive.ql.io.IgnoreKeyTextOutputFormat,compressed:false,numBuckets:-1,serdeInfo:SerDeInfo(name:null,serializationLib:org.apache.hadoop.hive.serde2.MetadataTypedColumnsetSerDe,parameters:{serialization.format=1}),bucketCols:[],sortCols:[],parameters:{}),partitionKeys:[],parameters:{last_modified_by=njain,last_modified_time=1224285029,SORTBUCKETCOLSPREFIX=TRUE})
