key	string
value	string
ds	datetime
Detailed Table Information:
Table(tableName:inputddl6,dbName:default,owner:njain,createTime:1224285279,lastAccessTime:0,retention:0,sd:StorageDescriptor(cols:[FieldSchema(name:key,type:string,comment:null), FieldSchema(name:value,type:string,comment:null)],location:file:/home/njain/workspace/hadoop-0.17/build/contrib/hive/ql/test/data/warehouse/inputddl6,inputFormat:org.apache.hadoop.mapred.TextInputFormat,outputFormat:org.apache.hadoop.hive.ql.io.IgnoreKeyTextOutputFormat,compressed:false,numBuckets:-1,serdeInfo:SerDeInfo(name:null,serializationLib:org.apache.hadoop.hive.serde2.MetadataTypedColumnsetSerDe,parameters:{serialization.format=1}),bucketCols:[],sortCols:[],parameters:{}),partitionKeys:[FieldSchema(name:ds,type:datetime,comment:null)],parameters:{SORTBUCKETCOLSPREFIX=TRUE})
key	string
value	string
ds	datetime

Detailed Partition Information:
Partition(values:[2008-04-08],dbName:default,tableName:inputddl6,createTime:0,lastAccessTime:0,sd:StorageDescriptor(cols:[FieldSchema(name:key,type:string,comment:null), FieldSchema(name:value,type:string,comment:null)],location:file:/home/njain/workspace/hadoop-0.17/build/contrib/hive/ql/test/data/warehouse/inputddl6/ds=2008-04-08,inputFormat:org.apache.hadoop.mapred.TextInputFormat,outputFormat:org.apache.hadoop.hive.ql.io.IgnoreKeyTextOutputFormat,compressed:false,numBuckets:-1,serdeInfo:SerDeInfo(name:null,serializationLib:org.apache.hadoop.hive.serde2.MetadataTypedColumnsetSerDe,parameters:{serialization.format=1}),bucketCols:[],sortCols:[],parameters:{}),parameters:{})
ds=2008-04-08
ds=2008-04-09
ds=2008-04-09
ABSTRACT SYNTAX TREE:
  (TOK_DESCTABLE (TOK_TAB INPUTDDL6 (TOK_PARTSPEC (TOK_PARTVAL ds '2008-04-09'))) EXTENDED)

STAGE DEPENDENCIES:
  Stage-0 is a root stage

STAGE PLANS:
  Stage: Stage-0
      Describe Table Operator:
        Describe Table
          partition:
            ds 2008-04-09
          table: INPUTDDL6


