ABSTRACT SYNTAX TREE:
  (TOK_QUERY (TOK_FROM (TOK_TABREF srcbucket (TOK_TABLESAMPLE 1 4 key) s)) (TOK_INSERT (TOK_DESTINATION (TOK_TAB dest1)) (TOK_SELECT (TOK_SELEXPR (TOK_ALLCOLREF s))) (TOK_WHERE (> (TOK_COLREF s key) 100))))

STAGE DEPENDENCIES:
  Stage-1 is a root stage
  Stage-0 depends on stages: Stage-1

STAGE PLANS:
  Stage: Stage-1
    Map Reduce
      Alias -> Map Operator Tree:
        s 
            Filter Operator
              predicate:
                  expr: (((default_sample_hashfn(key) & 2147483647) % 4) = 0)
                  type: Boolean
              Filter Operator
                predicate:
                    expr: (key > 100)
                    type: Boolean
                Select Operator
                  expressions:
                        expr: key
                        type: string
                        expr: value
                        type: string
                  File Output Operator
                    directory: /tmp/hive-njain/1265167991/144531187.10000.insclause-0
                    table:
                        input format: org.apache.hadoop.mapred.TextInputFormat
                        output format: org.apache.hadoop.hive.ql.io.IgnoreKeyTextOutputFormat
                        properties:
                          name dest1
                          serialization.ddl struct dest1 { i32 key, string value}
                          serialization.format 1
                          columns key,value
                          SORTBUCKETCOLSPREFIX TRUE
                          bucket_count -1
                          serialization.lib org.apache.hadoop.hive.serde2.MetadataTypedColumnsetSerDe
                          file.inputformat org.apache.hadoop.mapred.TextInputFormat
                          file.outputformat org.apache.hadoop.hive.ql.io.IgnoreKeyTextOutputFormat
                          location file:/home/njain/workspace/hadoop-0.17/build/contrib/hive/ql/test/data/warehouse/dest1
                        serde: org.apache.hadoop.hive.serde2.MetadataTypedColumnsetSerDe
                        name: dest1
      Needs Tagging:
      Path -> Alias:
        file:/home/njain/workspace/hadoop-0.17/build/contrib/hive/ql/test/data/warehouse/srcbucket 
      Path -> Partition:
        file:/home/njain/workspace/hadoop-0.17/build/contrib/hive/ql/test/data/warehouse/srcbucket 
          Partition
          
              input format: org.apache.hadoop.mapred.TextInputFormat
              output format: org.apache.hadoop.hive.ql.io.IgnoreKeyTextOutputFormat
              properties:
                name srcbucket
                serialization.ddl struct srcbucket { string key, string value}
                serialization.format 1
                columns key,value
                bucket_count 2
                serialization.lib org.apache.hadoop.hive.serde2.MetadataTypedColumnsetSerDe
                file.inputformat org.apache.hadoop.mapred.TextInputFormat
                file.outputformat org.apache.hadoop.hive.ql.io.IgnoreKeyTextOutputFormat
                location file:/home/njain/workspace/hadoop-0.17/build/contrib/hive/ql/test/data/warehouse/srcbucket
              serde: org.apache.hadoop.hive.serde2.MetadataTypedColumnsetSerDe
              name: srcbucket

  Stage: Stage-0
    Move Operator
      tables:
            replace:
            source: /tmp/hive-njain/1265167991/144531187.10000.insclause-0
            table:
                input format: org.apache.hadoop.mapred.TextInputFormat
                output format: org.apache.hadoop.hive.ql.io.IgnoreKeyTextOutputFormat
                properties:
                  name dest1
                  serialization.ddl struct dest1 { i32 key, string value}
                  serialization.format 1
                  columns key,value
                  SORTBUCKETCOLSPREFIX TRUE
                  bucket_count -1
                  serialization.lib org.apache.hadoop.hive.serde2.MetadataTypedColumnsetSerDe
                  file.inputformat org.apache.hadoop.mapred.TextInputFormat
                  file.outputformat org.apache.hadoop.hive.ql.io.IgnoreKeyTextOutputFormat
                  location file:/home/njain/workspace/hadoop-0.17/build/contrib/hive/ql/test/data/warehouse/dest1
                serde: org.apache.hadoop.hive.serde2.MetadataTypedColumnsetSerDe
                name: dest1


165	val_165
484	val_484
150	val_150
224	val_224
213	val_213
374	val_374
495	val_495
327	val_327
338	val_338
459	val_459
466	val_466
396	val_396
309	val_309
367	val_367
455	val_455
316	val_316
345	val_345
129	val_129
378	val_378
356	val_356
169	val_169
125	val_125
437	val_437
286	val_286
187	val_187
176	val_176
459	val_459
103	val_103
239	val_239
213	val_213
176	val_176
275	val_275
260	val_260
404	val_404
217	val_217
466	val_466
411	val_411
172	val_172
129	val_129
158	val_158
165	val_165
327	val_327
404	val_404
282	val_282
187	val_187
316	val_316
169	val_169
118	val_118
282	val_282
419	val_419
118	val_118
224	val_224
309	val_309
389	val_389
327	val_327
242	val_242
392	val_392
242	val_242
396	val_396
143	val_143
228	val_228
103	val_103
367	val_367
239	val_239
480	val_480
202	val_202
316	val_316
235	val_235
466	val_466
257	val_257
190	val_190
114	val_114
396	val_396
217	val_217
125	val_125
187	val_187
480	val_480
491	val_491
305	val_305
444	val_444
169	val_169
323	val_323
480	val_480
136	val_136
172	val_172
462	val_462
462	val_462
341	val_341
183	val_183
448	val_448
194	val_194
477	val_477
169	val_169
400	val_400
271	val_272
217	val_218
455	val_456
231	val_232
448	val_449
246	val_247
440	val_441
147	val_148
356	val_357
217	val_218
110	val_111
275	val_276
293	val_294
286	val_287
408	val_409
477	val_478
455	val_456
367	val_368
488	val_489
349	val_350
161	val_162
224	val_225
206	val_207
114	val_115
239	val_240
389	val_390
114	val_115
235	val_236
165	val_166
264	val_265
129	val_130
257	val_258
323	val_324
411	val_412
338	val_339
147	val_148
473	val_474
213	val_214
426	val_427
132	val_133
121	val_122
129	val_130
246	val_247
491	val_492
352	val_353
349	val_350
480	val_481
480	val_481
183	val_184
392	val_393
275	val_276
114	val_115
161	val_162
264	val_265
484	val_485
305	val_306
367	val_368
260	val_261
349	val_350
363	val_364
118	val_119
121	val_122
239	val_240
143	val_144
341	val_342
363	val_364
293	val_294
206	val_207
381	val_382
404	val_405
206	val_207
385	val_386
260	val_261
404	val_405
451	val_452
132	val_133
356	val_357
352	val_353
330	val_331
257	val_258
374	val_375
437	val_438
334	val_335
404	val_405
268	val_269
491	val_492
392	val_393
341	val_342
118	val_119
172	val_173
136	val_137
349	val_350
462	val_463
408	val_409
378	val_379
495	val_496
385	val_386
389	val_390
125	val_126
415	val_416
228	val_229
363	val_364
459	val_460
341	val_342
440	val_441
309	val_310
161	val_162
161	val_162
118	val_119
242	val_243
