ABSTRACT SYNTAX TREE:
  (TOK_QUERY (TOK_FROM (TOK_TABREF dest1)) (TOK_INSERT (TOK_DESTINATION (TOK_DIR TOK_TMP_FILE)) (TOK_SELECT (TOK_SELEXPR '|') (TOK_SELEXPR (TOK_FUNCTION trim (TOK_COLREF dest1 c1))) (TOK_SELEXPR '|') (TOK_SELEXPR (TOK_FUNCTION rtrim (TOK_COLREF dest1 c1))) (TOK_SELEXPR '|') (TOK_SELEXPR (TOK_FUNCTION ltrim (TOK_COLREF dest1 c1))) (TOK_SELEXPR '|'))))

STAGE DEPENDENCIES:
  Stage-1 is a root stage
  Stage-0 is a root stage

STAGE PLANS:
  Stage: Stage-1
    Map Reduce
      Alias -> Map Operator Tree:
        dest1 
            Select Operator
              expressions:
                    expr: '|'
                    type: string
                    expr: trim(c1)
                    type: string
                    expr: '|'
                    type: string
                    expr: rtrim(c1)
                    type: string
                    expr: '|'
                    type: string
                    expr: ltrim(c1)
                    type: string
                    expr: '|'
                    type: string
              File Output Operator
                table:
                    input format: org.apache.hadoop.mapred.TextInputFormat
                    output format: org.apache.hadoop.hive.ql.io.IgnoreKeyTextOutputFormat

  Stage: Stage-0
    Fetch Operator
      limit: -1


|	abc	|	  abc	|	abc  	|
