ABSTRACT SYNTAX TREE:
  (TOK_QUERY (TOK_FROM (TOK_TABREF SRC_THRIFT)) (TOK_INSERT (TOK_DESTINATION (TOK_TAB dest1)) (TOK_SELECT (TOK_SELEXPR ([ (TOK_COLREF src_Thrift LINT) 1)) (TOK_SELEXPR (. ([ (TOK_COLREF src_thrift lintstring) 0) MYSTRING))) (TOK_WHERE (> ([ (TOK_COLREF src_thrift liNT) 0) 0))))

STAGE DEPENDENCIES:
  Stage-1 is a root stage
  Stage-0 depends on stages: Stage-1

STAGE PLANS:
  Stage: Stage-1
    Map Reduce
      Alias -> Map Operator Tree:
        src_thrift 
            Filter Operator
              predicate:
                  expr: (lint[0] > 0)
                  type: Boolean
              Select Operator
                expressions:
                      expr: lint[1]
                      type: int
                      expr: lintstring[0].MYSTRING
                      type: string
                File Output Operator
                  table:
                      input format: org.apache.hadoop.mapred.TextInputFormat
                      output format: org.apache.hadoop.hive.ql.io.IgnoreKeyTextOutputFormat
                      serde: org.apache.hadoop.hive.serde2.MetadataTypedColumnsetSerDe
                      name: dest1

  Stage: Stage-0
    Move Operator
      tables:
            replace:
            table:
                input format: org.apache.hadoop.mapred.TextInputFormat
                output format: org.apache.hadoop.hive.ql.io.IgnoreKeyTextOutputFormat
                serde: org.apache.hadoop.hive.serde2.MetadataTypedColumnsetSerDe
                name: dest1


2	1
4	8
6	27
8	64
10	125
12	216
14	343
16	512
18	729
