ABSTRACT SYNTAX TREE:
  (TOK_QUERY (TOK_FROM (TOK_TABREF src)) (TOK_INSERT (TOK_DESTINATION (TOK_DIR TOK_TMP_FILE)) (TOK_SELECT (TOK_SELEXPR (TOK_COLREF src key)) (TOK_SELEXPR (TOK_FUNCTION sum (TOK_FUNCTION substr (TOK_COLREF src value) 4)))) (TOK_GROUPBY (TOK_COLREF src key)) (TOK_LIMIT 5)))

STAGE DEPENDENCIES:
  Stage-1 is a root stage
  Stage-2 depends on stages: Stage-1
  Stage-0 is a root stage

STAGE PLANS:
  Stage: Stage-1
    Map Reduce
      Alias -> Map Operator Tree:
        src 
            Reduce Output Operator
              key expressions:
                    expr: key
                    type: string
              # partition fields: -1
              tag: -1
              value expressions:
                    expr: substr(value, 4)
                    type: string
      Reduce Operator Tree:
        Group By Operator
        
              expr: sum(VALUE.0)
          keys:
                expr: KEY.0
                type: string
          mode: partial1
          File Output Operator
            table:
                input format: org.apache.hadoop.mapred.TextInputFormat
                output format: org.apache.hadoop.hive.ql.io.IgnoreKeyTextOutputFormat

  Stage: Stage-2
    Map Reduce
      Alias -> Map Operator Tree:
        /tmp/hive-njain/606295988/175965730.10002 
          Reduce Output Operator
            key expressions:
                  expr: 0
                  type: string
            # partition fields: 1
            tag: -1
            value expressions:
                  expr: 1
                  type: string
      Reduce Operator Tree:
        Group By Operator
        
              expr: sum(VALUE.0)
          keys:
                expr: KEY.0
                type: string
          mode: partial2
          Select Operator
            expressions:
                  expr: 0
                  type: string
                  expr: 1
                  type: string
            Limit
              File Output Operator
                table:
                    input format: org.apache.hadoop.mapred.TextInputFormat
                    output format: org.apache.hadoop.hive.ql.io.IgnoreKeyTextOutputFormat

  Stage: Stage-0
    Fetch Operator
      limit: 5


0	0.0
10	10.0
100	200.0
103	206.0
104	208.0
