ABSTRACT SYNTAX TREE:
  (TOK_CREATETABLE INPUTDDL3 (TOK_TABCOLLIST (TOK_TABCOL key TOK_INT) (TOK_TABCOL value TOK_STRING)) (TOK_TABLEROWFORMAT (TOK_TABLEROWFORMATFIELD '\t')))

STAGE DEPENDENCIES:
  Stage-0 is a root stage

STAGE PLANS:
  Stage: Stage-0
      Create Table Operator:
        Create Table
          columns: key int, value string
          field delimiter: 	
          # buckets: -1
          name: INPUTDDL3
          isExternal:
          isSequenceFile:


key	int
value	string
