ABSTRACT SYNTAX TREE:
  (TOK_DESCTABLE (TOK_TAB TEST1))

STAGE DEPENDENCIES:
  Stage-0 is a root stage

STAGE PLANS:
  Stage: Stage-0
      Describe Table Operator:
        Describe Table
          table: TEST1


a	int
b	float
