ABSTRACT SYNTAX TREE:
  (TOK_CREATETABLE INPUTDDL1 (TOK_TABCOLLIST (TOK_TABCOL key TOK_INT) (TOK_TABCOL value TOK_STRING)))

STAGE DEPENDENCIES:
  Stage-0 is a root stage

STAGE PLANS:
  Stage: Stage-0
      Create Table Operator:
        Create Table
          columns: key int, value string
          # buckets: -1
          name: INPUTDDL1
          isExternal:
          isSequenceFile:


