ABSTRACT SYNTAX TREE:
  (TOK_QUERY (TOK_FROM (TOK_TABREF src)) (TOK_INSERT (TOK_DESTINATION (TOK_TAB dest1)) (TOK_SELECT (TOK_SELEXPR (TOK_ALLCOLREF src))) (TOK_WHERE (< (TOK_COLREF src key) 100))) (TOK_INSERT (TOK_DESTINATION (TOK_TAB dest2)) (TOK_SELECT (TOK_SELEXPR (TOK_COLREF src key)) (TOK_SELEXPR (TOK_COLREF src value))) (TOK_WHERE (and (>= (TOK_COLREF src key) 100) (< (TOK_COLREF src key) 200)))) (TOK_INSERT (TOK_DESTINATION (TOK_TAB dest3 (TOK_PARTSPEC (TOK_PARTVAL ds '2008-04-08') (TOK_PARTVAL hr '12')))) (TOK_SELECT (TOK_SELEXPR (TOK_COLREF src key))) (TOK_WHERE (and (>= (TOK_COLREF src key) 200) (< (TOK_COLREF src key) 300)))) (TOK_INSERT (TOK_DESTINATION (TOK_DIR '../../../../build/contrib/hive/ql/test/data/warehouse/dest4.out')) (TOK_SELECT (TOK_SELEXPR (TOK_COLREF src value))) (TOK_WHERE (>= (TOK_COLREF src key) 300))))

STAGE DEPENDENCIES:
  Stage-1 is a root stage
  Stage-0 depends on stages: Stage-1

STAGE PLANS:
  Stage: Stage-1
    Map Reduce
      Alias -> Map Operator Tree:
        src 
            Filter Operator
              predicate:
                  expr: (key < 100)
                  type: Boolean
              Select Operator
                expressions:
                      expr: key
                      type: string
                      expr: value
                      type: string
                File Output Operator
                  table:
                      input format: org.apache.hadoop.mapred.TextInputFormat
                      output format: org.apache.hadoop.hive.ql.io.IgnoreKeyTextOutputFormat
                      serde: org.apache.hadoop.hive.serde2.MetadataTypedColumnsetSerDe
                      name: dest1
            Filter Operator
              predicate:
                  expr: ((key >= 100) and (key < 200))
                  type: Boolean
              Select Operator
                expressions:
                      expr: key
                      type: string
                      expr: value
                      type: string
                File Output Operator
                  table:
                      input format: org.apache.hadoop.mapred.TextInputFormat
                      output format: org.apache.hadoop.hive.ql.io.IgnoreKeyTextOutputFormat
                      serde: org.apache.hadoop.hive.serde2.MetadataTypedColumnsetSerDe
                      name: dest2
            Filter Operator
              predicate:
                  expr: ((key >= 200) and (key < 300))
                  type: Boolean
              Select Operator
                expressions:
                      expr: key
                      type: string
                File Output Operator
                  table:
                      input format: org.apache.hadoop.mapred.TextInputFormat
                      output format: org.apache.hadoop.hive.ql.io.IgnoreKeyTextOutputFormat
                      serde: org.apache.hadoop.hive.serde2.MetadataTypedColumnsetSerDe
                      name: dest3
            Filter Operator
              predicate:
                  expr: (key >= 300)
                  type: Boolean
              Select Operator
                expressions:
                      expr: value
                      type: string
                File Output Operator
                  table:
                      input format: org.apache.hadoop.mapred.TextInputFormat
                      output format: org.apache.hadoop.hive.ql.io.IgnoreKeyTextOutputFormat

  Stage: Stage-0
    Move Operator
      files:
            hdfs directory:
            destination: ../../../../build/contrib/hive/ql/test/data/warehouse/dest4.out
      tables:
            replace:
            table:
                input format: org.apache.hadoop.mapred.TextInputFormat
                output format: org.apache.hadoop.hive.ql.io.IgnoreKeyTextOutputFormat
                serde: org.apache.hadoop.hive.serde2.MetadataTypedColumnsetSerDe
                name: dest1
            replace:
            table:
                input format: org.apache.hadoop.mapred.TextInputFormat
                output format: org.apache.hadoop.hive.ql.io.IgnoreKeyTextOutputFormat
                serde: org.apache.hadoop.hive.serde2.MetadataTypedColumnsetSerDe
                name: dest2
            partition:
              ds 2008-04-08
              hr 12
            replace:
            table:
                input format: org.apache.hadoop.mapred.TextInputFormat
                output format: org.apache.hadoop.hive.ql.io.IgnoreKeyTextOutputFormat
                serde: org.apache.hadoop.hive.serde2.MetadataTypedColumnsetSerDe
                name: dest3


86	val_86
27	val_27
98	val_98
66	val_66
37	val_37
15	val_15
82	val_82
17	val_17
0	val_0
57	val_57
20	val_20
92	val_92
47	val_47
72	val_72
4	val_4
35	val_35
54	val_54
51	val_51
65	val_65
83	val_83
12	val_12
67	val_67
84	val_84
58	val_58
8	val_8
24	val_24
42	val_42
0	val_0
96	val_96
26	val_26
51	val_51
43	val_43
95	val_95
98	val_98
85	val_85
77	val_77
0	val_0
87	val_87
15	val_15
72	val_72
90	val_90
19	val_19
10	val_10
5	val_5
58	val_58
35	val_35
95	val_95
11	val_11
34	val_34
42	val_42
78	val_78
76	val_76
41	val_41
30	val_30
64	val_64
76	val_76
74	val_74
69	val_69
33	val_33
70	val_70
5	val_5
2	val_2
35	val_35
80	val_80
44	val_44
53	val_53
90	val_90
12	val_12
5	val_5
70	val_70
24	val_24
70	val_70
83	val_83
26	val_26
67	val_67
18	val_18
9	val_9
18	val_18
97	val_97
84	val_84
28	val_28
37	val_37
90	val_90
97	val_97
165	val_165
193	val_193
150	val_150
128	val_128
146	val_146
152	val_152
145	val_145
166	val_166
153	val_153
193	val_193
174	val_174
199	val_199
174	val_174
162	val_162
167	val_167
195	val_195
113	val_113
155	val_155
128	val_128
149	val_149
129	val_129
170	val_170
157	val_157
111	val_111
169	val_169
125	val_125
192	val_192
187	val_187
176	val_176
138	val_138
103	val_103
176	val_176
137	val_137
180	val_180
181	val_181
138	val_138
179	val_179
172	val_172
129	val_129
158	val_158
119	val_119
197	val_197
100	val_100
199	val_199
191	val_191
165	val_165
120	val_120
131	val_131
156	val_156
196	val_196
197	val_197
187	val_187
137	val_137
169	val_169
179	val_179
118	val_118
134	val_134
138	val_138
118	val_118
177	val_177
168	val_168
143	val_143
160	val_160
195	val_195
119	val_119
149	val_149
138	val_138
103	val_103
113	val_113
167	val_167
116	val_116
191	val_191
128	val_128
193	val_193
104	val_104
175	val_175
105	val_105
190	val_190
114	val_114
164	val_164
125	val_125
164	val_164
187	val_187
104	val_104
163	val_163
119	val_119
199	val_199
120	val_120
169	val_169
178	val_178
136	val_136
172	val_172
133	val_133
175	val_175
189	val_189
134	val_134
100	val_100
146	val_146
186	val_186
167	val_167
183	val_183
152	val_152
194	val_194
126	val_126
169	val_169
238	NULL	2008-04-08	12
255	NULL	2008-04-08	12
278	NULL	2008-04-08	12
265	NULL	2008-04-08	12
273	NULL	2008-04-08	12
224	NULL	2008-04-08	12
213	NULL	2008-04-08	12
281	NULL	2008-04-08	12
277	NULL	2008-04-08	12
209	NULL	2008-04-08	12
252	NULL	2008-04-08	12
292	NULL	2008-04-08	12
219	NULL	2008-04-08	12
287	NULL	2008-04-08	12
237	NULL	2008-04-08	12
207	NULL	2008-04-08	12
208	NULL	2008-04-08	12
247	NULL	2008-04-08	12
266	NULL	2008-04-08	12
203	NULL	2008-04-08	12
205	NULL	2008-04-08	12
221	NULL	2008-04-08	12
280	NULL	2008-04-08	12
277	NULL	2008-04-08	12
208	NULL	2008-04-08	12
286	NULL	2008-04-08	12
239	NULL	2008-04-08	12
213	NULL	2008-04-08	12
216	NULL	2008-04-08	12
278	NULL	2008-04-08	12
289	NULL	2008-04-08	12
221	NULL	2008-04-08	12
275	NULL	2008-04-08	12
241	NULL	2008-04-08	12
284	NULL	2008-04-08	12
230	NULL	2008-04-08	12
260	NULL	2008-04-08	12
272	NULL	2008-04-08	12
217	NULL	2008-04-08	12
230	NULL	2008-04-08	12
208	NULL	2008-04-08	12
298	NULL	2008-04-08	12
230	NULL	2008-04-08	12
205	NULL	2008-04-08	12
288	NULL	2008-04-08	12
282	NULL	2008-04-08	12
282	NULL	2008-04-08	12
238	NULL	2008-04-08	12
277	NULL	2008-04-08	12
273	NULL	2008-04-08	12
224	NULL	2008-04-08	12
242	NULL	2008-04-08	12
272	NULL	2008-04-08	12
242	NULL	2008-04-08	12
226	NULL	2008-04-08	12
229	NULL	2008-04-08	12
233	NULL	2008-04-08	12
223	NULL	2008-04-08	12
218	NULL	2008-04-08	12
228	NULL	2008-04-08	12
209	NULL	2008-04-08	12
230	NULL	2008-04-08	12
296	NULL	2008-04-08	12
216	NULL	2008-04-08	12
274	NULL	2008-04-08	12
219	NULL	2008-04-08	12
239	NULL	2008-04-08	12
223	NULL	2008-04-08	12
256	NULL	2008-04-08	12
263	NULL	2008-04-08	12
288	NULL	2008-04-08	12
244	NULL	2008-04-08	12
202	NULL	2008-04-08	12
229	NULL	2008-04-08	12
280	NULL	2008-04-08	12
283	NULL	2008-04-08	12
235	NULL	2008-04-08	12
257	NULL	2008-04-08	12
258	NULL	2008-04-08	12
203	NULL	2008-04-08	12
262	NULL	2008-04-08	12
201	NULL	2008-04-08	12
217	NULL	2008-04-08	12
298	NULL	2008-04-08	12
291	NULL	2008-04-08	12
255	NULL	2008-04-08	12
200	NULL	2008-04-08	12
237	NULL	2008-04-08	12
248	NULL	2008-04-08	12
277	NULL	2008-04-08	12
230	NULL	2008-04-08	12
207	NULL	2008-04-08	12
249	NULL	2008-04-08	12
265	NULL	2008-04-08	12
214	NULL	2008-04-08	12
233	NULL	2008-04-08	12
256	NULL	2008-04-08	12
298	NULL	2008-04-08	12
285	NULL	2008-04-08	12
273	NULL	2008-04-08	12
281	NULL	2008-04-08	12
222	NULL	2008-04-08	12
200	NULL	2008-04-08	12
val_311
val_409
val_484
val_401
val_369
val_406
val_429
val_374
val_469
val_495
val_327
val_403
val_417
val_430
val_338
val_446
val_459
val_394
val_482
val_413
val_494
val_466
val_399
val_396
val_417
val_489
val_377
val_397
val_309
val_365
val_439
val_342
val_367
val_325
val_475
val_339
val_455
val_311
val_316
val_302
val_438
val_345
val_489
val_378
val_427
val_356
val_399
val_382
val_498
val_386
val_437
val_469
val_459
val_430
val_318
val_332
val_311
val_333
val_404
val_384
val_489
val_353
val_373
val_348
val_466
val_411
val_348
val_463
val_431
val_496
val_322
val_468
val_393
val_454
val_418
val_327
val_404
val_436
val_469
val_468
val_308
val_481
val_457
val_318
val_318
val_409
val_470
val_369
val_316
val_413
val_490
val_364
val_395
val_419
val_307
val_435
val_306
val_309
val_389
val_327
val_369
val_392
val_331
val_401
val_452
val_497
val_402
val_396
val_317
val_395
val_336
val_472
val_322
val_498
val_321
val_430
val_489
val_458
val_492
val_449
val_453
val_468
val_342
val_368
val_367
val_344
val_485
val_487
val_480
val_401
val_438
val_467
val_432
val_316
val_469
val_463
val_331
val_321
val_335
val_466
val_366
val_403
val_483
val_406
val_409
val_406
val_401
val_348
val_424
val_396
val_431
val_454
val_478
val_431
val_424
val_382
val_397
val_480
val_351
val_438
val_414
val_491
val_439
val_360
val_479
val_305
val_417
val_444
val_429
val_443
val_323
val_325
val_478
val_468
val_310
val_317
val_333
val_493
val_460
val_480
val_353
val_462
val_406
val_454
val_375
val_401
val_421
val_407
val_384
val_384
val_379
val_462
val_492
val_341
val_498
val_458
val_362
val_348
val_344
val_469
val_315
val_448
val_348
val_307
val_414
val_477
val_403
val_400
