viewtime	datetime
userid	int
page_url	string
referrer_url	string
friends	array<bigint>
properties	map<string,string>
ip	string	'IP Address of the User'
ds	datetime
country	string
viewtime	datetime
userid	int
page_url	string
referrer_url	string
friends	array<bigint>
properties	map<string,string>
ip	string	'IP Address of the User'
ds	datetime
country	string
Detailed Table Information:
Table(tableName:inputddl4,dbName:default,owner:njain,createTime:1224285030,lastAccessTime:0,retention:0,sd:StorageDescriptor(cols:[FieldSchema(name:viewtime,type:datetime,comment:null), FieldSchema(name:userid,type:int,comment:null), FieldSchema(name:page_url,type:string,comment:null), FieldSchema(name:referrer_url,type:string,comment:null), FieldSchema(name:friends,type:array<bigint>,comment:null), FieldSchema(name:properties,type:map<string,string>,comment:null), FieldSchema(name:ip,type:string,comment:'IP Address of the User')],location:file:/home/njain/workspace/hadoop-0.17/build/contrib/hive/ql/test/data/warehouse/inputddl4,inputFormat:org.apache.hadoop.mapred.TextInputFormat,outputFormat:org.apache.hadoop.hive.ql.io.IgnoreKeyTextOutputFormat,compressed:false,numBuckets:32,serdeInfo:SerDeInfo(name:null,serializationLib:org.apache.hadoop.hive.serde2.MetadataTypedColumnsetSerDe,parameters:{serialization.format=1}),bucketCols:[userid],sortCols:[Order(col:viewtime,order:1)],parameters:{}),partitionKeys:[FieldSchema(name:ds,type:datetime,comment:null), FieldSchema(name:country,type:string,comment:null)],parameters:{comment='This is the page view table'})
