a	int
b	float
a	array<int>
b	float
c	map<float,int>
src	src1	src_sequencefile	src_thrift	srcbucket	srcpart	test2a	test2b
src	src1	src_sequencefile	src_thrift	srcbucket	srcpart	test2b
ABSTRACT SYNTAX TREE:
  TOK_SHOWTABLES

STAGE DEPENDENCIES:
  Stage-0 is a root stage

STAGE PLANS:
  Stage: Stage-0
      Show Table Operator:
        Show Tables


