ABSTRACT SYNTAX TREE:
  (TOK_QUERY (TOK_FROM (TOK_TABREF srcbucket (TOK_TABLESAMPLE 1 5 key) s)) (TOK_INSERT (TOK_DESTINATION (TOK_TAB dest1)) (TOK_SELECT (TOK_SELEXPR (TOK_ALLCOLREF s)))))

STAGE DEPENDENCIES:
  Stage-1 is a root stage
  Stage-0 depends on stages: Stage-1

STAGE PLANS:
  Stage: Stage-1
    Map Reduce
      Alias -> Map Operator Tree:
        s 
            Filter Operator
              predicate:
                  expr: (((default_sample_hashfn(key) & 2147483647) % 5) = 0)
                  type: Boolean
              Select Operator
                expressions:
                      expr: key
                      type: string
                      expr: value
                      type: string
                File Output Operator
                  directory: /tmp/hive-njain/535229973/587370170.10000.insclause-0
                  table:
                      input format: org.apache.hadoop.mapred.TextInputFormat
                      output format: org.apache.hadoop.hive.ql.io.IgnoreKeyTextOutputFormat
                      properties:
                        name dest1
                        serialization.ddl struct dest1 { i32 key, string value}
                        serialization.format 1
                        columns key,value
                        SORTBUCKETCOLSPREFIX TRUE
                        bucket_count -1
                        serialization.lib org.apache.hadoop.hive.serde2.MetadataTypedColumnsetSerDe
                        file.inputformat org.apache.hadoop.mapred.TextInputFormat
                        file.outputformat org.apache.hadoop.hive.ql.io.IgnoreKeyTextOutputFormat
                        location file:/home/njain/workspace/hadoop-0.17/build/contrib/hive/ql/test/data/warehouse/dest1
                      serde: org.apache.hadoop.hive.serde2.MetadataTypedColumnsetSerDe
                      name: dest1
      Needs Tagging:
      Path -> Alias:
        file:/home/njain/workspace/hadoop-0.17/build/contrib/hive/ql/test/data/warehouse/srcbucket 
      Path -> Partition:
        file:/home/njain/workspace/hadoop-0.17/build/contrib/hive/ql/test/data/warehouse/srcbucket 
          Partition
          
              input format: org.apache.hadoop.mapred.TextInputFormat
              output format: org.apache.hadoop.hive.ql.io.IgnoreKeyTextOutputFormat
              properties:
                name srcbucket
                serialization.ddl struct srcbucket { string key, string value}
                serialization.format 1
                columns key,value
                bucket_count 2
                serialization.lib org.apache.hadoop.hive.serde2.MetadataTypedColumnsetSerDe
                file.inputformat org.apache.hadoop.mapred.TextInputFormat
                file.outputformat org.apache.hadoop.hive.ql.io.IgnoreKeyTextOutputFormat
                location file:/home/njain/workspace/hadoop-0.17/build/contrib/hive/ql/test/data/warehouse/srcbucket
              serde: org.apache.hadoop.hive.serde2.MetadataTypedColumnsetSerDe
              name: srcbucket

  Stage: Stage-0
    Move Operator
      tables:
            replace:
            source: /tmp/hive-njain/535229973/587370170.10000.insclause-0
            table:
                input format: org.apache.hadoop.mapred.TextInputFormat
                output format: org.apache.hadoop.hive.ql.io.IgnoreKeyTextOutputFormat
                properties:
                  name dest1
                  serialization.ddl struct dest1 { i32 key, string value}
                  serialization.format 1
                  columns key,value
                  SORTBUCKETCOLSPREFIX TRUE
                  bucket_count -1
                  serialization.lib org.apache.hadoop.hive.serde2.MetadataTypedColumnsetSerDe
                  file.inputformat org.apache.hadoop.mapred.TextInputFormat
                  file.outputformat org.apache.hadoop.hive.ql.io.IgnoreKeyTextOutputFormat
                  location file:/home/njain/workspace/hadoop-0.17/build/contrib/hive/ql/test/data/warehouse/dest1
                serde: org.apache.hadoop.hive.serde2.MetadataTypedColumnsetSerDe
                name: dest1


86	val_86
27	val_27
484	val_484
150	val_150
128	val_128
213	val_213
146	val_146
281	val_281
277	val_277
209	val_209
394	val_394
466	val_466
399	val_399
489	val_489
439	val_439
367	val_367
475	val_475
155	val_155
128	val_128
489	val_489
72	val_72
277	val_277
399	val_399
169	val_169
498	val_498
286	val_286
187	val_187
54	val_54
213	val_213
137	val_137
489	val_489
353	val_353
272	val_272
466	val_466
411	val_411
119	val_119
100	val_100
191	val_191
308	val_308
95	val_95
196	val_196
457	val_457
187	val_187
470	val_470
137	val_137
169	val_169
77	val_77
72	val_72
90	val_90
277	val_277
272	val_272
452	val_452
402	val_402
317	val_317
95	val_95
498	val_498
321	val_321
119	val_119
489	val_489
218	val_218
209	val_209
367	val_367
344	val_344
263	val_263
191	val_191
128	val_128
2	val_2
321	val_321
335	val_335
466	val_466
105	val_105
114	val_114
90	val_90
164	val_164
164	val_164
187	val_187
119	val_119
439	val_439
169	val_169
443	val_443
277	val_277
178	val_178
317	val_317
493	val_493
353	val_353
407	val_407
18	val_18
100	val_100
498	val_498
146	val_146
362	val_362
18	val_18
281	val_281
344	val_344
448	val_448
222	val_222
90	val_90
169	val_169
281	val_282
245	val_246
425	val_426
272	val_273
231	val_232
448	val_449
31	val_32
443	val_444
371	val_372
402	val_403
128	val_129
240	val_241
286	val_287
335	val_336
367	val_368
59	val_60
349	val_350
123	val_124
402	val_403
128	val_129
63	val_64
344	val_345
277	val_278
114	val_115
209	val_210
281	val_282
114	val_115
254	val_255
196	val_197
86	val_87
222	val_223
411	val_412
281	val_282
68	val_69
119	val_120
376	val_377
213	val_214
132	val_133
191	val_192
349	val_350
475	val_476
399	val_400
77	val_78
114	val_115
443	val_444
484	val_485
407	val_408
367	val_368
2	val_3
349	val_350
164	val_165
326	val_327
308	val_309
119	val_120
358	val_359
105	val_106
416	val_417
77	val_78
461	val_462
40	val_41
385	val_386
259	val_260
303	val_304
245	val_246
303	val_304
277	val_278
132	val_133
443	val_444
399	val_400
317	val_318
330	val_331
209	val_210
489	val_490
295	val_296
105	val_106
204	val_205
439	val_440
457	val_458
470	val_471
196	val_197
119	val_120
268	val_269
295	val_296
407	val_408
439	val_440
335	val_336
164	val_165
349	val_350
371	val_372
123	val_124
182	val_183
353	val_354
371	val_372
385	val_386
40	val_41
259	val_260
178	val_179
100	val_101
22	val_23
402	val_403
137	val_138
196	val_197
100	val_101
407	val_408
371	val_372
308	val_309
178	val_179
457	val_458
227	val_228
