ABSTRACT SYNTAX TREE:
  (TOK_QUERY (TOK_FROM (TOK_TABREF src)) (TOK_INSERT (TOK_DESTINATION (TOK_TAB dest1)) (TOK_SELECT (TOK_SELEXPR (LIKE 'a' '%a%')) (TOK_SELEXPR (LIKE 'b' '%a%')) (TOK_SELEXPR (LIKE 'ab' '%a%')) (TOK_SELEXPR (LIKE 'ab' '%a_')) (TOK_SELEXPR (LIKE '%_' '\%\_')) (TOK_SELEXPR (LIKE 'ab' '\%\_')) (TOK_SELEXPR (LIKE 'ab' '_a%')) (TOK_SELEXPR (LIKE 'ab' 'a')) (TOK_SELEXPR (RLIKE '' '.*')) (TOK_SELEXPR (RLIKE 'a' '[ab]')) (TOK_SELEXPR (RLIKE '' '[ab]')) (TOK_SELEXPR (RLIKE 'hadoop' '[a-z]*')) (TOK_SELEXPR (RLIKE 'hadoop' 'o*')) (TOK_SELEXPR (TOK_FUNCTION REGEXP_REPLACE 'abc' 'b' 'c')) (TOK_SELEXPR (TOK_FUNCTION REGEXP_REPLACE 'abc' 'z' 'a')) (TOK_SELEXPR (TOK_FUNCTION REGEXP_REPLACE 'abbbb' 'bb' 'b')) (TOK_SELEXPR (TOK_FUNCTION REGEXP_REPLACE 'hadoop' '(.)[a-z]*' '$1ive'))) (TOK_WHERE (= (TOK_COLREF src key) 86))))

STAGE DEPENDENCIES:
  Stage-1 is a root stage
  Stage-0 depends on stages: Stage-1

STAGE PLANS:
  Stage: Stage-1
    Map Reduce
      Alias -> Map Operator Tree:
        src 
            Filter Operator
              predicate:
                  expr: (key = 86)
                  type: Boolean
              Select Operator
                expressions:
                      expr: ('a' like '%a%')
                      type: Boolean
                      expr: ('b' like '%a%')
                      type: Boolean
                      expr: ('ab' like '%a%')
                      type: Boolean
                      expr: ('ab' like '%a_')
                      type: Boolean
                      expr: ('%_' like '\%\_')
                      type: Boolean
                      expr: ('ab' like '\%\_')
                      type: Boolean
                      expr: ('ab' like '_a%')
                      type: Boolean
                      expr: ('ab' like 'a')
                      type: Boolean
                      expr: ('' regexp '.*')
                      type: Boolean
                      expr: ('a' regexp '[ab]')
                      type: Boolean
                      expr: ('' regexp '[ab]')
                      type: Boolean
                      expr: ('hadoop' regexp '[a-z]*')
                      type: Boolean
                      expr: ('hadoop' regexp 'o*')
                      type: Boolean
                      expr: regexp_replace('abc', 'b', 'c')
                      type: string
                      expr: regexp_replace('abc', 'z', 'a')
                      type: string
                      expr: regexp_replace('abbbb', 'bb', 'b')
                      type: string
                      expr: regexp_replace('hadoop', '(.)[a-z]*', '$1ive')
                      type: string
                File Output Operator
                  table:
                      input format: org.apache.hadoop.mapred.TextInputFormat
                      output format: org.apache.hadoop.hive.ql.io.IgnoreKeyTextOutputFormat
                      serde: org.apache.hadoop.hive.serde2.MetadataTypedColumnsetSerDe
                      name: dest1

  Stage: Stage-0
    Move Operator
      tables:
            replace:
            table:
                input format: org.apache.hadoop.mapred.TextInputFormat
                output format: org.apache.hadoop.hive.ql.io.IgnoreKeyTextOutputFormat
                serde: org.apache.hadoop.hive.serde2.MetadataTypedColumnsetSerDe
                name: dest1


true	false	true	true	true	false	false	false	true	true	false	true	false	acc	abc	abb	hive
