Semantic Exception: 
line 2:36 . operator is only supported on struct or list of struct types member