Semantic Exception: 
line 2:36 [] not Valid on Non Collection Types 0