Semantic Exception: 
line 2:56 Non Constant Expression for Map Indexes not Supported 'abc'