Parse Error: line 2:7 mismatched input 'TABLE' expecting OVERWRITE
