Parse Error: line 2:60 cannot recognize input 'key'
