Parse Error: line 2:36 character '"' not supported here
line 2:41 character '"' not supported here
