Semantic Exception: 
line 2:48 Invalid Column Reference dummycol