(TOK_QUERY (TOK_FROM (TOK_TABREF SRC_THRIFT)) (TOK_INSERT (TOK_DESTINATION (TOK_TAB dest1)) (TOK_SELECT (TOK_SELEXPR ([ (TOK_COLREF src_Thrift LINT) 1)) (TOK_SELEXPR (. ([ (TOK_COLREF src_thrift lintstring) 0) MYSTRING))) (TOK_WHERE (> ([ (TOK_COLREF src_thrift liNT) 0) 0)))) null