(TOK_QUERY (TOK_FROM (TOK_TABREF src)) (TOK_INSERT (TOK_DESTINATION (TOK_TAB dest1)) (TOK_SELECT (TOK_SELEXPR (+ 3 2)) (TOK_SELEXPR (+ 3.0 2)) (TOK_SELEXPR (+ 3 2.0)) (TOK_SELEXPR (+ 3.0 2.0)) (TOK_SELEXPR (+ 3 (TOK_FUNCTION TOK_INT 2.0))) (TOK_SELEXPR (TOK_FUNCTION TOK_BOOLEAN 1)) (TOK_SELEXPR (TOK_FUNCTION TOK_INT TRUE))) (TOK_WHERE (= (TOK_COLREF src key) 86)))) null