(TOK_QUERY (TOK_FROM (TOK_TABREF src)) (TOK_INSERT (TOK_DESTINATION (TOK_TAB dest1)) (TOK_SELECT (TOK_SELEXPR (TOK_FUNCTION substr (TOK_COLREF src key) 0 1))) (TOK_GROUPBY (TOK_FUNCTION substr (TOK_COLREF src key) 0 1)))) null