(TOK_QUERY (TOK_FROM (TOK_JOIN (TOK_TABREF src src1) (TOK_TABREF src src2) (= (TOK_COLREF src1 key) (TOK_COLREF src2 key)))) (TOK_INSERT (TOK_DESTINATION (TOK_TAB dest1)) (TOK_SELECT (TOK_SELEXPR (TOK_COLREF src1 key)) (TOK_SELEXPR (TOK_COLREF src2 value))))) null