Semantic Exception: 
line 1:20 Ambigous Table Alias a