Semantic Exception: 
line 2:56 Map Key Type does not Match Index Expression Type 0