Semantic Exception: 
line 2:56 Non Constant Expressions for Array Indexes not Supported 'abc'