Semantic Exception: 
line 2:23 Table not found dummyDest