Semantic Exception: 
line 2:60 Invalid Function anotherdummyfn