Semantic Exception: 
line 2:83 Invalid Table Alias dummysrc