Semantic Exception: 
line 2:44 Invalid Function dummyfn