Semantic Exception: 
line 2:87 Invalid Column Reference dummycol