Semantic Exception: 
line 1:5 Table not found dummySrc